
[tool start] read

[tool end] read: ok

[tool start] read

[tool start] read

[tool start] read

[tool end] read: ok

[tool end] read: ok

[tool end] read: ok

[tool start] ls

[tool end] ls: ok

[tool start] bash

[tool end] bash: ok

[tool start] bash

[tool end] bash: ok

[tool start] bash

[tool end] bash: ok

[tool start] bash

[tool end] bash: ok

[tool start] bash

[tool end] bash: ok

[tool start] bash

[tool end] bash: ok

[tool start] bash

[tool end] bash: ok

[tool start] bash

[tool end] bash: ok

[tool start] bash

[tool end] bash: ok

[tool start] bash

[tool end] bash: ok

[tool start] bash

[tool end] bash: ok

[tool start] bash

[tool end] bash: error

[tool start] bash

[tool end] bash: ok

[tool start] write

[tool end] write: ok

[tool start] bash

[tool end] bash: ok

[tool start] write

[tool end] write: ok

[tool start] bash

[tool end] bash: ok

[tool start] bash

[tool end] bash: ok

[tool start] bash

[tool end] bash: ok

[tool start] write

[tool end] write: ok

[tool start] bash

[tool end] bash: error

[tool start] bash

[tool end] bash: error

[tool start] write

[tool end] write: ok

[tool start] bash

[tool end] bash: error

[tool start] bash

[tool end] bash: error

[tool start] read

[tool end] read: ok

[tool start] edit

[tool end] edit: ok

[tool start] bash

[tool end] bash: ok

[tool start] bash

[tool end] bash: ok

[tool start] ls

[tool end] ls: ok

[tool start] bash

[tool end] bash: ok

[tool start] bash

[tool end] bash: ok

[tool start] read

[tool start] read

[tool start] read

[tool end] read: ok

[tool end] read: ok

[tool end] read: ok
The implementation is complete. Here's what was built:

**Files created:**
- `app.py` — Flask backend that shells out to the Anserini fatjar for registry discovery, retrieval (`SearchCollection`), and evaluation (`TrecEval`).
- `static/index.html` — Single-page frontend with a searchable index catalog, evaluation controls, and live results.
- `tests/test_e2e.py` — Playwright end-to-end test.
- `pytest.ini` — Pytest configuration.

**How it works:**
1. **Catalog discovery** — Calls `PrebuiltIndexRegistry --list --type inverted` to get all Lucene inverted indexes.
2. **Pairings** — Parses `ReproduceFromPrebuiltIndexes` reproduction configs to map each index to its supported topic sets, qrels keys, and metrics. This is cached on startup.
3. **UX** — On load, CACM is auto-selected. Evaluable indexes show an “Evaluable” badge; others show “Catalog only.”
4. **Evaluation** — Clicking *Run Evaluation* executes `SearchCollection` with BM25, writes a TREC run file to `runs/<uuid>/run.txt`, runs `TrecEval` with the chosen metric, and returns the score and artifact paths.
5. **Error handling** — Missing jar, failed commands, and parse errors surface in the UI.

**Verification:**
- The Playwright test passes (`pytest tests/test_e2e.py -v`).
- It confirms the catalog has >1 registry-derived index, that catalog-only indexes are visible, that CACM is evaluable with topics/qrels, that a metric can be selected (with fallback), that a numeric score appears, and that run metadata (index, topics, qrels, metric, run file, eval file) is displayed.