
[tool start] read

[tool end] read: ok
Let me start by reading the Anserini skills to understand the CLI tools and capabilities.
[tool start] read

[tool start] read

[tool start] read

[tool start] ls

[tool end] ls: ok

[tool end] read: ok

[tool end] read: ok

[tool end] read: ok

[tool start] bash

[tool start] bash

[tool start] ls

[tool end] ls: ok

[tool end] bash: ok

[tool end] bash: ok
Good - Java 21 and Node.js are available. Let me download the Anserini fatjar and verify it works.
[tool start] bash

[tool start] bash

[tool end] bash: ok

[tool end] bash: ok

[tool start] bash

[tool end] bash: ok
Now let me run the CACM smoke test to verify the fatjar works:
[tool start] bash

[tool end] bash: ok

[tool start] bash

[tool end] bash: ok
Fatjar verified. Let me now explore the registries to understand available indexes and topics:
[tool start] bash

[tool end] bash: ok

[tool start] bash

[tool start] bash

[tool end] bash: ok

[tool end] bash: ok

[tool start] bash

[tool start] bash

[tool end] bash: ok

[tool end] bash: ok
Now I have all the information I need. Let me build the application. I'll create a Node.js/Express backend with a frontend dashboard.
[tool start] write

[tool end] write: ok

[tool start] write

[tool end] write: ok
Now let me create the frontend:
[tool start] bash

[tool end] bash: ok

[tool start] write

[tool end] write: ok
Now let me install dependencies and test the server:
[tool start] bash

[tool end] bash: ok

[tool start] bash

[tool end] bash: ok

[tool start] bash

[tool end] bash: ok

[tool start] bash

[tool end] bash: ok

[tool start] bash

[tool end] bash: ok

[tool start] bash

[tool end] bash: ok
Everything works. Let me stop the test server and create the Playwright tests:
[tool start] bash

[tool end] bash: ok

[tool start] bash

[tool end] bash: ok

[tool start] write

[tool end] write: ok

[tool start] bash

[tool end] bash: ok

[tool start] write

[tool end] write: ok
Now let me run the Playwright tests:
[tool start] bash

[tool end] bash: error
Let me fix the Playwright test - `selectOption` needs the value, not a regex label:
[tool start] edit

[tool end] edit: ok

[tool start] bash

[tool end] bash: ok
Let me verify the tests truly run the full evaluation by running the main test alone:
[tool start] bash

[tool end] bash: ok

[tool start] bash

[tool end] bash: error

[tool start] bash

[tool end] bash: ok

[tool start] bash

[tool end] bash: ok

[tool start] bash

[tool end] bash: ok
The evaluation ran with real results (nDCG@10 = 0.4543 for CACM). Let me run the full test suite one final time:
[tool start] bash

[tool end] bash: ok
All 3 tests pass. Let me verify the workspace is clean and complete:
[tool start] bash

[tool start] bash

[tool end] bash: ok

[tool end] bash: ok

[tool start] bash

[tool end] bash: ok
Everything is complete. Let me do a final verification that all tests pass:
[tool start] bash

[tool end] bash: ok
All 3 Playwright tests pass. Here's a summary of what was built:

## Anserini Prebuilt Index Evaluator — Complete

### What was built
A local web application for browsing Anserini's prebuilt Lucene inverted indexes and running retrieval evaluations through a browser interface.

### Files created
| File | Purpose |
|---|---|
| `anserini-2.1.1-fatjar.jar` | Downloaded Anserini fatjar (v2.1.1) |
| `server.js` | Express backend with API endpoints for registry discovery, retrieval, and evaluation |
| `public/index.html` | Frontend dashboard with index catalog, evaluation panel, and results display |
| `tests/evaluator.spec.js` | Playwright end-to-end tests (3 tests) |
| `playwright.config.js` | Playwright configuration |
| `package.json` | Node.js dependencies |

### Key features
- **Index Catalog**: 272 prebuilt indexes loaded from Anserini's `PrebuiltIndexRegistry`, with search/filter by name and type
- **Evaluable vs Catalog-Only**: 59 indexes marked evaluable (with topic/qrels pairings), rest shown as catalog-only with visual differentiation
- **CACM Default**: Auto-selected on load with topics `cacm`, qrels `cacm`, supporting `nDCG@10`, `Recall@1000`, `MAP`, `P@10/30`, `MRR`
- **Real Evaluation**: Runs `SearchCollection` for BM25 retrieval → writes TREC run file → evaluates with `TrecEval` → displays score + metadata
- **Error Handling**: Clear messages for missing Java, missing fatjar, command failures

### Test results
All 3 Playwright tests pass:
1. **Full E2E workflow**: Confirms CACM selected, topics/qrels displayed, metric selected (`nDCG@10`), evaluation runs, numeric score appears (0.4543), metadata shown
2. **Search & filter**: Verifies catalog filtering works
3. **Visual differentiation**: Verifies evaluable and catalog-only indexes are visually distinct