
[tool start] read

[tool end] read: ok
This is a comprehensive PRD for building an NFCorpus retrieval diagnostics workbench. Let me start by exploring the workspace and reading the required skill documents.
[tool start] ls

[tool start] ls

[tool end] ls: ok

[tool end] ls: ok

[tool start] read

[tool start] read

[tool start] read

[tool start] read

[tool end] read: ok

[tool end] read: ok

[tool end] read: ok

[tool end] read: ok
Now I have a thorough understanding of the PRD and all skill documents. Let me plan and build this step by step.

**Plan:**
1. Python/Flask backend wrapping real Anserini CLI commands
2. Single-page HTML/JS dashboard frontend
3. Dockerfile for Render deployment
4. Playwright browser test
5. README with deployment docs

Let me start building:
[tool start] write

[tool start] write

[tool start] write

[tool start] write

[tool start] write

[tool start] write

[tool start] write

[tool start] write

[tool end] write: ok

[tool end] write: ok

[tool end] write: ok

[tool end] write: ok

[tool end] write: ok

[tool end] write: ok

[tool end] write: ok

[tool end] write: ok
Now let me create the remaining infrastructure files:
[tool start] write

[tool start] write

[tool start] write

[tool start] write

[tool start] write

[tool end] write: ok

[tool end] write: ok

[tool end] write: ok

[tool end] write: ok

[tool end] write: ok
Let me fix the Dockerfile CMD and create the test and README:
[tool start] write

[tool start] edit

[tool end] write: ok

[tool end] edit: ok
Now let me create the Playwright browser test:
[tool start] write

[tool start] write

[tool start] write

[tool start] write

[tool end] write: ok

[tool end] write: ok

[tool end] write: ok

[tool end] write: ok
Let me verify the complete project structure and test the Docker build:
[tool start] bash

[tool end] bash: ok
Let me fix the Dockerfile and add a proper startup script to handle PORT binding and working directory:
[tool start] write

[tool start] edit

[tool end] write: ok

[tool end] edit: ok
Let me try building the Docker image to verify everything works:
[tool start] bash

[tool end] bash: ok

[tool start] bash

[tool end] bash: error

[tool start] bash

[tool end] bash: ok

[tool start] bash

[tool end] bash: ok

[tool start] bash

[tool end] bash: error

[tool start] bash

[tool end] bash: ok

[tool start] bash

[tool end] bash: ok

[tool start] bash

[tool end] bash: ok

[tool start] bash

[tool end] bash: ok
The existing pi-bench image has Java 21, Python 3.14, and an Anserini fatjar. Let me update the Dockerfile to use it:
[tool start] write

[tool end] write: ok

[tool start] bash

[tool end] bash: error

[tool start] bash

[tool end] bash: ok
Docker build succeeded. Let me test the container:
[tool start] bash

[tool end] bash: ok
The app is running and all systems are green. Let me test the search and evaluation endpoints:
[tool start] bash

[tool end] bash: ok

[tool start] bash

[tool end] bash: ok

[tool start] bash

[tool end] bash: ok

[tool start] bash

[tool end] bash: ok

[tool start] bash

[tool end] bash: ok

[tool start] bash

[tool end] bash: ok

[tool start] bash

[tool end] bash: ok

[tool start] bash

[tool end] bash: ok

[tool start] bash

[tool end] bash: ok

[tool start] bash

[tool end] bash: ok

[tool start] bash

[tool end] bash: ok

[tool start] bash

[tool end] bash: ok

[tool start] bash

[tool end] bash: ok

[tool start] bash

[tool end] bash: ok

[tool start] read

[tool end] read: ok

[tool start] bash

[tool end] bash: ok
Found the correct index names. Let me also check the topics registry:
[tool start] bash

[tool end] bash: ok

[tool start] bash

[tool end] bash: ok

[tool start] bash

[tool end] bash: ok

[tool start] bash

[tool end] bash: error

[tool start] bash

[tool end] bash: ok
Now I have the correct configuration. Let me update the backend with the correct index/topic names:
[tool start] edit

[tool end] edit: ok
Now let me update the anserini.py with the correct commands:
[tool start] edit

[tool end] edit: ok
Now let me fix the setup and evaluation methods:
[tool start] edit

[tool end] edit: ok

[tool start] edit

[tool end] edit: ok
Now let me rebuild and test:
[tool start] bash

[tool end] bash: ok

[tool start] bash

[tool end] bash: ok
Search is working with real Anserini results. Let me test the evaluation:
[tool start] bash

[tool end] bash: ok
The evaluation works and nDCG@10=0.3218 matches the expected value! But the expected metrics aren't being loaded. Let me fix that:
[tool start] edit

[tool end] edit: ok

[tool start] edit

[tool end] edit: ok

[tool start] edit

[tool end] edit: ok

[tool start] bash

[tool end] bash: ok

[tool start] bash

[tool end] bash: ok
Everything is working. Let me verify the frontend serves correctly:
[tool start] bash

[tool end] bash: ok
Let me run the Playwright tests:
[tool start] bash

[tool end] bash: ok

[tool start] bash

[tool end] bash: ok

[tool start] bash

[tool end] bash: error

[tool start] bash

[tool end] bash: error

[tool start] bash

[tool end] bash: error

[tool start] edit

[tool end] edit: ok

[tool start] bash

[tool end] bash: error
I see the issue - the `/api/status` endpoint doesn't return `setup_done`. Let me fix that:
[tool start] edit

[tool end] edit: ok

[tool start] bash

[tool end] bash: ok

[tool start] bash

[tool end] bash: ok
Now let me run the tests again:
[tool start] bash
