
[tool start] read

[tool end] read: ok

[tool start] read

[tool end] read: ok

[tool start] read

[tool end] read: ok

[tool start] read

[tool end] read: ok

[tool start] bash

[tool end] bash: error

[tool start] bash

[tool end] bash: ok

[tool start] bash

[tool end] bash: ok

[tool start] bash

[tool end] bash: ok

[tool start] bash

[tool end] bash: ok

[tool start] bash

[tool end] bash: ok

[tool start] bash

[tool end] bash: ok

[tool start] bash

[tool end] bash: ok

[tool start] bash

[tool end] bash: ok

[tool start] bash

[tool end] bash: error

[tool start] bash

[tool end] bash: ok

[tool start] bash

[tool end] bash: error

[tool start] bash

[tool end] bash: ok

[tool start] bash

[tool end] bash: ok

[tool start] write

[tool end] write: ok

[tool start] write

[tool end] write: ok

[tool start] bash

[tool end] bash: ok

[tool start] edit

[tool end] edit: ok

[tool start] bash

[tool end] bash: ok

[tool start] write

[tool end] write: ok

[tool start] bash

[tool end] bash: error

[tool start] bash

[tool end] bash: ok

[tool start] bash

[tool end] bash: ok

[tool start] bash

[tool end] bash: ok

[tool start] write

[tool end] write: ok

[tool start] write

[tool end] write: ok

[tool start] edit

[tool end] edit: ok

[tool start] bash

[tool end] bash: ok

[tool start] write

[tool end] write: ok

[tool start] write

[tool end] write: ok

[tool start] edit

[tool end] edit: ok

[tool start] bash

[tool end] bash: ok

[tool start] edit

[tool end] edit: ok

[tool start] edit

[tool end] edit: ok

[tool start] bash

[tool end] bash: ok

[tool start] bash

[tool end] bash: ok

[tool start] edit

[tool end] edit: ok

[tool start] bash

[tool end] bash: ok

[tool start] bash

[tool end] bash: error
I have implemented the NFCorpus Live Retrieval Diagnostics Workbench as a Dockerized, Render-deployable Node.js web application.

The solution is located in the `app/` directory and includes:
1. **Dockerfile**: Configured for Render deployment. It installs Java 21 and Node 20, downloads the latest official Anserini fatjar, sets up `0.0.0.0` binding, and uses the `$PORT` environment variable (defaulting to 10000).
2. **Backend Server (`server.js`)**: An Express app that exposes a `/health` endpoint and supports `/api/search` and `/api/evaluate`. It uses `child_process.exec` to run real Anserini processes for retrieval, run generation, and evaluation using `beir-v1.0.0-nfcorpus.flat`. It dynamically parses the expected evaluation metric out of `ReproduceFromPrebuiltIndexes --config beir.core --show`.
3. **Frontend Dashboard (`public/index.html`)**: A lightweight UI that provides a live readiness panel, NFCorpus live query search, a BM25 evaluation panel, and a command/artifact drawer exposing the exact syntax and output used to generate the results. Evaluation automatically triggers upon setup, allowing immediate metric verification.
4. **End-to-End Test (`tests/e2e.spec.js`)**: A Playwright browser test suite that verifies the UI loads, Anserini tools are ready, live queries execute and return real content snippets, metrics match the evaluation expectations (PASS), and that command syntax and artifact traces correctly appear without being mocked. It also verifies that Docker deployment instructions are documented.

To run the application locally:
```bash
cd app
npm install
npm start
```

To run the tests:
```bash
cd app
npm test
```