
[tool start] read

[tool end] read: ok

[tool start] ls

[tool start] find

[tool end] ls: ok

[tool end] find: ok

[tool start] read

[tool start] read

[tool start] read

[tool end] read: ok

[tool end] read: ok

[tool end] read: ok

[tool start] read

[tool end] read: ok

[tool start] bash

[tool end] bash: ok

[tool start] bash

[tool end] bash: ok

[tool start] bash

[tool end] bash: ok

[tool start] bash

[tool end] bash: ok

[tool start] bash

[tool end] bash: ok

[tool start] bash

[tool end] bash: ok

[tool start] bash

[tool end] bash: ok

[tool start] bash

[tool end] bash: ok

[tool start] write

[tool end] write: ok

[tool start] write

[tool end] write: ok

[tool start] write

[tool end] write: ok

[tool start] write

[tool end] write: ok

[tool start] write

[tool end] write: ok

[tool start] write

[tool end] write: ok

[tool start] write

[tool end] write: ok

[tool start] write

[tool end] write: ok

[tool start] write

[tool end] write: ok

[tool start] write

[tool end] write: ok

[tool start] write

[tool end] write: ok

[tool start] bash

[tool end] bash: ok

[tool start] bash

[tool end] bash: ok

[tool start] bash

[tool end] bash: ok

[tool start] bash

[tool end] bash: ok

[tool start] bash

[tool end] bash: ok

[tool start] bash

[tool end] bash: error

[tool start] read

[tool end] read: ok

[tool start] edit

[tool end] edit: ok

[tool start] bash

[tool end] bash: error

[tool start] edit

[tool end] edit: ok

[tool start] bash

[tool end] bash: error

[tool start] edit

[tool end] edit: ok

[tool start] bash

[tool end] bash: ok

[tool start] edit

[tool end] edit: ok

[tool start] ls

[tool end] ls: ok

[tool start] ls

[tool end] ls: ok

[tool start] edit

[tool end] edit: ok

[tool start] edit

[tool end] edit: ok

[tool start] bash

[tool end] bash: ok

[tool start] bash

[tool end] bash: ok

[tool start] bash

[tool end] bash: ok

[tool start] bash

[tool end] bash: error

[tool start] bash

[tool end] bash: ok

[tool start] bash

[tool end] bash: ok

[tool start] find

[tool end] find: ok
Implemented the NFCorpus Anserini diagnostics workbench per `PRD.md`.

Key files:
- `server.js` — Anserini-backed HTTP API, startup setup, search, evaluation, health.
- `public/` — diagnostics dashboard UI.
- `Dockerfile` — Render-suitable Docker web service, binds via `PORT`.
- `README.md` — local/Docker/Render instructions and cache policy.
- `tests/nfcorpus-workbench.spec.js` — Playwright browser verification.
- `package.json`, `playwright.config.js`

Validation:
- `node --check server.js && node --check public/app.js` passed.
- `npm test` passed locally with real Anserini-backed NFCorpus search/evaluation.
- Docker build was attempted, but Docker Hub metadata fetch timed out in this environment.