
[tool start] read

[tool end] read: ok

[tool start] read

[tool end] read: ok

[tool start] bash

[tool end] bash: ok

[tool start] bash

[tool end] bash: ok

[tool start] bash

[tool end] bash: ok

[tool start] read

[tool end] read: ok

[tool start] bash

[tool end] bash: ok

[tool start] bash

[tool end] bash: ok

[tool start] bash

[tool end] bash: ok

[tool start] bash

[tool end] bash: ok

[tool start] bash

[tool end] bash: ok

[tool start] bash

[tool end] bash: ok

[tool start] bash

[tool end] bash: ok

[tool start] bash

[tool end] bash: ok

[tool start] bash

[tool end] bash: ok

[tool start] bash

[tool end] bash: ok

[tool start] bash

[tool end] bash: ok

[tool start] bash

[tool end] bash: ok

[tool start] bash

[tool end] bash: ok

[tool start] bash

[tool end] bash: ok

[tool start] bash

[tool end] bash: error

[tool start] bash

[tool end] bash: ok

[tool start] bash

[tool end] bash: ok

[tool start] write

[tool end] write: ok

[tool start] bash

[tool end] bash: ok

[tool start] bash

[tool end] bash: ok

[tool start] bash

[tool end] bash: ok

[tool start] bash

[tool end] bash: ok

[tool start] bash

[tool end] bash: ok

[tool start] bash

[tool end] bash: ok

[tool start] read

[tool end] read: ok

[tool start] edit

[tool end] edit: ok

[tool start] read

[tool end] read: ok

[tool start] bash

[tool end] bash: ok

[tool start] write

[tool end] write: ok

[tool start] write

[tool end] write: ok

[tool start] bash

[tool end] bash: error

[tool start] edit

[tool end] edit: ok

[tool start] edit

[tool end] edit: ok

[tool start] bash

[tool end] bash: ok

[tool start] bash

[tool end] bash: ok

[tool start] bash

[tool end] bash: error

[tool start] bash

[tool end] bash: ok

[tool start] bash

[tool end] bash: ok

[tool start] bash

[tool end] bash: ok

[tool start] write

[tool end] write: ok

[tool start] write

[tool end] write: ok

[tool start] bash

[tool end] bash: ok

[tool start] bash

[tool end] bash: error

[tool start] bash

[tool end] bash: ok

[tool start] bash

[tool end] bash: ok

[tool start] bash

[tool end] bash: ok

[tool start] bash

[tool end] bash: ok

[tool start] bash

[tool end] bash: ok

[tool start] write

[tool end] write: ok

[tool start] bash

[tool end] bash: ok

[tool start] bash

[tool end] bash: ok
I have completed the task as specified in the PRD. Here is a summary of the implementation:

1. **Anserini Setup & Verification**:
   - Downloaded the latest Anserini `2.1.1` fatjar using the `install-anserini-fatjar` skill.
   - Verified the runtime tools by running the built-in CACM smoke test, successfully obtaining MAP `0.3123` and P30 `0.1942`.
   - Used the `anserini-cli` skill to extract the MS MARCO V1 passage dev query topics (`msmarco-v1-passage-dev`), storing them to `public/topics.json`.

2. **Backend**:
   - The application relies on the `io.anserini.api.RestServer` provided by the Anserini fatjar, which serves REST endpoints for querying `msmarco-v1-passage`.
   - It expects to run on port `8080` by default, but this can be adjusted and passed to the frontend.

3. **Next.js Frontend (`msmarco-app`)**:
   - **Initialization**: Created a new Next.js project with TailwindCSS and TypeScript.
   - **Sample Queries**: Implemented an API route `/api/topics` that parses `topics.json` and randomly selects 5 query samples from the MS MARCO V1 passage dev set. These are displayed on load and can be clicked to trigger a search automatically.
   - **Search API Proxy**: Implemented `/api/search` which dynamically acts as a proxy to the backend. It uses `process.env.BACKEND_PORT` (default `8080`) to query the REST backend, avoiding CORS issues and hardcoded routing.
   - **Search UI**: Built a clean layout that lets users search MS MARCO passages and parses Anserini's `/v1/{index}/search` responses into ranked passages (`doc`, `docid`, `score`, `rank`).
   - **Error Handling**: Added robust validation for empty queries, network/backend errors, and zero-result states, seamlessly informing the user via the UI.
   - **Port Configuration**: Adhered to the `3000` (frontend via `PORT`) and `8080` (backend via `BACKEND_PORT`) defaults without user interruptions.

You can spin up both components locally with the updated instructions provided in `msmarco-app/README.md`.