
[tool start] read

[tool end] read: ok
Let me start by reading the relevant Anserini skills to understand the tools and commands available.
[tool start] read

[tool start] read

[tool start] read

[tool end] read: ok

[tool end] read: ok

[tool end] read: ok
Now let me explore the workspace directory and check for any existing files:
[tool start] ls

[tool start] bash

[tool end] ls: ok

[tool end] bash: ok

[tool start] read

[tool end] read: ok
Now let me do some discovery work with Anserini to understand NFCorpus support. First, let me download the fatjar and explore NFCorpus-related reproduction configs:
[tool start] bash

[tool end] bash: ok

[tool start] bash

[tool end] bash: ok

[tool start] bash

[tool end] bash: ok
I can see `beir-v1.0.0-nfcorpus.flat` in the document collection configs. Let me explore its details and also check the prebuilt index registry for NFCorpus:
[tool start] bash

[tool end] bash: ok
Now let me also check the prebuilt index registry for NFCorpus and the topics:
[tool start] bash

[tool end] bash: ok

[tool start] bash

[tool end] bash: ok
Now let me do the dry-run to see the exact commands:
[tool start] bash

[tool end] bash: ok

[tool start] bash

[tool end] bash: ok
Now let me test the Search CLI with the prebuilt NFCorpus index:
[tool start] bash

[tool end] bash: ok
The search works with the prebuilt index. Now let me check the topics to get sample queries:
[tool start] bash

[tool end] bash: ok
Now I have all the information needed. Let me build the application. I'll create:
1. A Python Flask backend with Anserini integration
2. A single-page HTML frontend
3. A Dockerfile for Render deployment
4. A Playwright browser test

Let me start building:
[tool start] bash

[tool end] bash: ok

[tool start] write

[tool end] write: ok
Now create the frontend:
[tool start] bash

[tool end] bash: ok

[tool start] write

[tool end] write: ok
Now create the Dockerfile:
[tool start] write

[tool end] write: ok

[tool start] write

[tool end] write: ok
Now create the Playwright browser test:
[tool start] bash

[tool end] bash: ok

[tool start] write

[tool end] write: ok

[tool start] write

[tool end] write: ok

[tool start] write

[tool end] write: ok
Now let me create the .gitignore and README:
[tool start] write

[tool end] write: ok

[tool start] write

[tool end] write: ok
Now let's test the application locally. First, install Flask and start the server:
[tool start] bash

[tool end] bash: ok

[tool start] bash

[tool end] bash: ok
There's already something running on port 10000. Let me check and restart:
[tool start] bash

[tool end] bash: ok

[tool start] bash

[tool end] bash: ok
Good, the server is starting. Let me wait for setup to complete and check status:
[tool start] bash

[tool end] bash: ok
Excellent! Setup completed very quickly because the Anserini fatjar was already downloaded. Let me check the full status and evaluation:
[tool start] bash

[tool end] bash: ok

[tool start] bash

[tool end] bash: ok

[tool start] bash

[tool end] bash: ok
I notice R@1000 is missing. Let me check the eval output to fix the parsing:
[tool start] bash

[tool end] bash: ok

[tool start] bash

[tool end] bash: ok
The R@1000 metric is missing. Let me check the run file and fix the evaluation:
[tool start] bash

[tool end] bash: ok
R@1000 works when invoked separately. The issue is that when `-m recall.100 -m recall.1000` are combined, the output might be ordered differently. Let me check the full combined output:
[tool start] bash

[tool end] bash: ok

[tool start] bash

[tool end] bash: ok

[tool start] bash

[tool end] bash: error

[tool start] bash

[tool end] bash: ok
I see — when `-m recall.100` and `-m recall.1000` are combined, trec_eval only shows recall.100. This is a known trec_eval behavior. I need to run the evaluation in separate invocations for each recall metric. Let me fix the server:
[tool start] read

[tool end] read: ok
Now I need to fix the evaluation to run metrics separately. Let me update the `_run_evaluation` pattern:
[tool start] edit

[tool end] edit: ok
Now fix the same issue in the rerun handler:
[tool start] edit

[tool end] edit: ok
Now let me stop the old server and restart:
[tool start] bash

[tool end] bash: ok

[tool start] bash

[tool end] bash: ok

[tool start] bash

[tool end] bash: ok

[tool start] bash

[tool end] bash: ok

[tool start] bash

[tool end] bash: ok
All three metrics now pass. Let me test the search API:
[tool start] bash

[tool end] bash: ok
Search works. Let me check the commands API:
[tool start] bash

[tool end] bash: ok
I see there are duplicate keys (both `eval_*` and `trec_eval_*` for the same metrics). Let me clean that up - the `eval_*` keys are from the new code and the `trec_eval_*` from the old naming. Let me check:
[tool start] bash

[tool end] bash: ok

[tool start] bash

[tool end] bash: ok

[tool start] bash

[tool end] bash: ok
All three metrics are in the eval output. The `trec_eval_*` keys were from the old setup flow that was already cached from the previous server instance. The current running server has the correct code. Now let me run the Playwright browser tests. Let me install Playwright first:
[tool start] bash

[tool end] bash: ok

[tool start] bash

[tool end] bash: ok

[tool start] bash

[tool end] bash: error
The failures are due to `waitForText` not being a Playwright locator method. It should be `waitFor()` with a regex or use `expect().toHaveText()`. Let me fix the tests:
[tool start] write

[tool end] write: ok

[tool start] bash

[tool end] bash: error
Almost there — just one test failing. The setup log loads lazily when the drawer is opened. The `loadLog()` function fetches the log, but the test reads the content before it loads. Let me fix the test to wait for the content to update:
[tool start] edit

[tool end] edit: ok

[tool start] bash

[tool end] bash: ok
All 12 tests pass. Let me now kill the test server and clean up:
[tool start] bash

[tool end] bash: ok
Let me verify the final file structure:
[tool start] bash

[tool end] bash: ok
Let me verify the final state of all key files:
[tool start] bash

[tool end] bash: ok
Let me clean up the stray `runs/` directory that was created by the initial Anserini smoke tests in the workspace root:
[tool start] bash

[tool end] bash: ok
Also add the stray fatjar to gitignore:
[tool start] edit

[tool end] edit: ok
The implementation is complete. Here's a summary of everything that was built:

---

## Summary

### Files Created

| File | Purpose |
|------|---------|
| `app/server.py` | Flask backend — Anserini setup, live search, BM25 evaluation, API endpoints |
| `app/static/index.html` | Single-page diagnostics dashboard |
| `Dockerfile` | Render-deployable Docker image (Java 21 + Python + Flask) |
| `requirements.txt` | Python dependency (Flask) |
| `tests/browser-test.spec.js` | 12 Playwright end-to-end browser tests |
| `tests/playwright.config.js` | Playwright configuration |
| `package.json` | Node dev dependencies for Playwright |
| `README.md` | Full documentation including deployment, API, and architecture |
| `.gitignore` | Excludes runtime data, fatjars, node_modules |

### Key Architecture Decisions

1. **Backend uses real Anserini CLI commands** — no mocked search or evaluation:
   - `io.anserini.cli.Search --json` for live query search against prebuilt `beir-v1.0.0-nfcorpus.flat` index
   - `io.anserini.search.SearchCollection` for batch BM25 retrieval
   - `io.anserini.eval.TrecEval` for evaluation (run separately per metric to avoid trec_eval conflating recall.100/1000)

2. **Expected metrics** discovered from Anserini's reproduction config (`beir-v1.0.0-nfcorpus.flat`):
   - nDCG@10: 0.3218 → **PASS** (observed: 0.3218)
   - R@100: 0.2457 → **PASS** (observed: 0.2457)
   - R@1000: 0.3704 → **PASS** (observed: 0.3704)

3. **Startup workflow** runs in a background thread: downloads fatjar → CACM smoke test → reproduction config discovery → BM25 search + evaluation → search test

4. **Docker/Render**: Binds `0.0.0.0`, reads `PORT` env (default 10000), `/health` endpoint for health checks

### Test Results: 12/12 passing ✅

All Playwright browser tests pass, verifying real Anserini-backed search, evaluation metrics, command transparency, and artifact paths.