
[tool start] read

[tool end] read: ok
Let me read the skill files to understand the Anserini CLI workflows.
[tool start] read

[tool start] read

[tool start] read

[tool end] read: ok

[tool end] read: ok

[tool end] read: ok

[tool start] ls

[tool end] ls: ok

[tool start] read

[tool end] read: ok
Now I have a thorough understanding of the task. Let me implement it step by step.

**Step 1: Install the Anserini fatjar**
[tool start] bash

[tool end] bash: ok

[tool start] bash

[tool end] bash: error

[tool start] bash

[tool end] bash: ok

[tool start] bash

[tool end] bash: ok
**Step 2: Smoke test the fatjar**
[tool start] bash

[tool end] bash: ok

[tool start] bash

[tool end] bash: ok

[tool start] bash

[tool end] bash: ok

[tool start] bash

[tool end] bash: ok

[tool start] bash

[tool end] bash: ok

[tool start] bash

[tool end] bash: ok
Smoke test passed. Let me verify the evaluation and explore the registries.
[tool start] bash

[tool start] bash

[tool end] bash: ok

[tool end] bash: ok

[tool start] bash

[tool start] bash

[tool end] bash: ok

[tool end] bash: ok

[tool start] bash

[tool start] bash

[tool end] bash: ok

[tool end] bash: ok

[tool start] bash

[tool start] bash

[tool start] bash

[tool start] bash

[tool end] bash: ok

[tool end] bash: error

[tool end] bash: ok

[tool end] bash: ok

[tool start] bash

[tool start] bash

[tool end] bash: ok

[tool end] bash: ok

[tool start] bash

[tool start] bash

[tool end] bash: ok

[tool end] bash: ok
Now I have all the CLI information needed. Let me save the registry data and build the app.
[tool start] bash

[tool start] bash

[tool end] bash: ok

[tool end] bash: ok
Now let me build the Flask web application.
[tool start] write

[tool end] write: ok
Now let me write the frontend HTML.
[tool start] write

[tool end] write: ok

[tool start] bash

[tool end] bash: ok
Let me start the app and verify the API works.
[tool start] bash

[tool end] bash: ok

[tool start] bash

[tool start] bash

[tool end] bash: ok

[tool end] bash: ok
