
[tool start] read

[tool end] read: ok

[tool start] read

[tool end] read: ok

[tool start] bash

[tool end] bash: ok

[tool start] bash

[tool end] bash: ok

[tool start] bash

[tool end] bash: ok

[tool start] bash

[tool end] bash: ok

[tool start] read

[tool end] read: ok

[tool start] bash

[tool end] bash: ok

[tool start] bash

[tool end] bash: ok

[tool start] bash

[tool end] bash: error

[tool start] bash

[tool end] bash: ok

[tool start] bash

[tool end] bash: ok

[tool start] bash

[tool end] bash: ok

[tool start] bash

[tool end] bash: ok

[tool start] bash

[tool end] bash: ok

[tool start] bash

[tool end] bash: ok

[tool start] bash

[tool end] bash: ok

[tool start] bash

[tool end] bash: ok

[tool start] bash

[tool end] bash: ok

[tool start] bash

[tool end] bash: ok

[tool start] bash

[tool end] bash: ok

[tool start] bash

[tool end] bash: ok

[tool start] bash

[tool end] bash: ok

[tool start] bash

[tool end] bash: ok

[tool start] bash

[tool end] bash: ok

[tool start] write

[tool end] write: ok

[tool start] write

[tool end] write: ok

[tool start] read

[tool end] read: ok

[tool start] write

[tool end] write: ok

[tool start] bash

[tool end] bash: ok

[tool start] bash

[tool end] bash: ok

[tool start] bash

[tool end] bash: ok

[tool start] write

[tool end] write: ok

[tool start] bash

[tool end] bash: ok

[tool start] bash

[tool end] bash: error

[tool start] bash

[tool end] bash: ok
I have successfully developed the MS MARCO Passage Search Application according to the requirements specified in the PRD.

Here's an overview of the implementation:
1. **Anserini Setup**: Downloaded the Anserini fatjar (`v2.1.1`) per the `install-anserini-fatjar` skill and verified it via the CACM smoke test. The fatjar is located in the current workspace.
2. **Backend**: Explored the REST server commands using `anserini-cli` and `TopicsRegistry`. Discovered how to query and retrieved 100 sample queries from `msmarco-passage.dev-subset`. The backend defaults to starting on port `8080`.
3. **Next.js Frontend**:
    - Created a Next.js application that integrates with the REST API.
    - Added an API route (`/api/search`) which acts as a proxy for the backend Anserini REST server using the MS MARCO V1 passage corpus. 
    - Proxies default to connecting to the backend via `localhost:8080`, configurable using the `BACKEND_PORT` environment variable.
    - Implemented a clean, user-friendly interface that displays a random selection of 5 sample queries upon initial load.
    - Handled functional requirements smoothly (clickable sample queries, manual input search).
    - Added graceful state management for loading states, empty queries (button disabled & submit ignored), zero results, and backend errors.
    - Next.js defaults to running on port `3000`, configurable via the native `PORT` environment variable.

I also updated `README.md` to cleanly document the instructions to start both the frontend and backend servers, along with how to provide the respective port configurations through environment variables.