
[tool start] read

[tool end] read: ok
Let me start by reading the relevant skill files to understand the Anserini setup and REST API.
[tool start] read

[tool start] read

[tool start] read

[tool end] read: ok

[tool end] read: ok

[tool end] read: ok
Now let me check the current workspace structure:
[tool start] ls

[tool end] ls: ok
Good - there's already an Anserini fatjar. Let me verify the setup and check what exists:
[tool start] bash

[tool start] read

[tool end] read: ok

[tool end] bash: ok
The fatjar is installed and verified. Let me get the MS MARCO dev queries and check for any existing Next.js setup:
[tool start] bash

[tool start] bash

[tool end] bash: error

[tool end] bash: ok
Good. Let me get the sample queries from the dev set and check for any existing Next.js app:
[tool start] bash

[tool start] bash

[tool end] bash: ok

[tool end] bash: ok

[tool start] bash

[tool start] find

[tool end] find: ok

[tool end] bash: ok

[tool start] bash

[tool start] read

[tool end] read: ok

[tool end] bash: error

[tool start] bash

[tool end] bash: ok
No source files exist - I need to build the Next.js app from scratch. Let me first extract sample queries, then create the app:
[tool start] bash

[tool end] bash: ok

[tool start] read

[tool end] read: ok

[tool start] bash

[tool end] bash: ok
I can see the query format. Let me extract a set of sample queries to embed in the app:
[tool start] bash

[tool end] bash: ok

[tool start] bash

[tool end] bash: ok
Now let me build the full Next.js application. First, the foundation files:
[tool start] write

[tool end] write: ok

[tool start] write

[tool start] write

[tool start] write

[tool end] write: ok

[tool end] write: ok

[tool end] write: ok
Now the app files:
[tool start] write

[tool start] write

[tool end] write: ok

[tool end] write: ok
Let me update the env file to include the public variable for the client, then install deps:
[tool start] write

[tool end] write: ok

[tool start] write

[tool end] write: ok

[tool start] bash

[tool end] bash: ok
Dependencies installed. Now let me start the Anserini REST server in the background, then the Next.js frontend:
[tool start] bash

[tool end] bash: ok
REST server is up. Let me verify it serves search results, then start the Next.js frontend:
[tool start] bash

[tool end] bash: ok
The backend returns results with `docid`, `score`, and `doc` fields. I need to update the frontend to map `c.doc` to `content`. Let me fix that and start the frontend:
[tool start] edit

[tool end] edit: ok
Now let me start the Next.js dev server:
[tool start] bash

[tool end] bash: ok
Both servers are running. Let me verify the frontend serves the page correctly:
[tool start] bash

[tool end] bash: ok
The frontend page serves correctly with sample queries visible. Let me check for any errors in the dev server log:
[tool start] bash

[tool end] bash: ok
The app compiled cleanly with no errors. Let me verify the final file structure:
[tool start] bash

[tool end] bash: error
Everything is built and running. Here's a summary of what was completed:

## Implementation Summary

### Architecture
- **Backend**: Anserini REST API server (`io.anserini.api.RestServer`) running on port **8080** (configurable via `NEXT_PUBLIC_BACKEND_PORT`)
- **Frontend**: Next.js 14 (App Router) dev server on port **3000** (configurable via `FRONTEND_PORT`)

### Files Created

| File | Purpose |
|------|---------|
| `package.json` | Next.js 14 + React 18 + TypeScript dependencies |
| `tsconfig.json` | TypeScript config for App Router |
| `next.config.js` | Next.js config |
| `next-env.d.ts` | Next.js type references |
| `.env.local` | Environment variables for both ports |
| `app/layout.tsx` | Root layout with metadata |
| `app/page.tsx` | Main search page (client component) |
| `sample-queries.json` | 200 sample queries from MS MARCO passage dev set |

### How It Works

1. **Page load**: The server randomly picks 6 sample queries from `sample-queries.json` (200 randomly sampled from the 6,980 dev queries)
2. **Search**: User types a query or clicks a sample — the client fetches directly from `http://localhost:{BACKEND_PORT}/v1/msmarco-v1-passage/search?query=...&hits=10`
3. **Results**: Ranked list showing docid, BM25 score, and passage content

### Edge Cases Handled
- **Empty query**: Search button is disabled until input is entered
- **Zero results**: Shows "No results found" message
- **Backend unavailable**: Shows error message with troubleshooting hint about the REST server

### Running the App
```bash
# Terminal 1 - Anserini REST backend
java -cp anserini-2.1.1-fatjar.jar io.anserini.api.RestServer --port 8080

# Terminal 2 - Next.js frontend
npm run dev
```

Both servers are currently running and verified — the backend returns correct results, and the frontend compiles and serves the page with sample queries at `http://localhost:3000`.