
[tool start] read

[tool end] read: ok
Let me explore the workspace and read the relevant skills to understand the setup.
[tool start] ls

[tool start] read

[tool start] read

[tool start] read

[tool end] ls: ok

[tool end] read: ok

[tool end] read: ok

[tool end] read: ok
Now let me understand the workspace and start building. First, I'll set up the Anserini fatjar and explore its registries.
[tool start] bash

[tool start] bash

[tool end] bash: ok

[tool end] bash: ok

[tool start] bash

[tool end] bash: ok

[tool start] bash

[tool end] bash: ok

[tool start] bash

[tool start] bash

[tool end] bash: ok

[tool end] bash: ok

[tool start] bash

[tool start] bash

[tool end] bash: ok

[tool end] bash: ok
Now let me check what metrics are supported by the Anserini TrecEval and get the inverted index list:
[tool start] bash

[tool start] bash

[tool end] bash: ok

[tool end] bash: ok

[tool start] bash

[tool start] bash

[tool end] bash: ok

[tool end] bash: ok
Now I have all the information needed. Let me build the web application. I'll create a Node.js/Express backend with a clean frontend.
[tool start] bash

[tool end] bash: ok

[tool start] write

[tool end] write: ok

[tool start] write

[tool end] write: ok

[tool start] write

[tool end] write: ok

[tool start] write

[tool end] write: ok

[tool start] write

[tool end] write: ok

[tool start] bash

[tool end] bash: ok

[tool start] bash

[tool end] bash: ok

[tool start] bash

[tool end] bash: ok

[tool start] bash

[tool end] bash: error

[tool start] bash

[tool end] bash: ok

[tool start] bash

[tool end] bash: ok
I see the issue - the Anserini output includes log messages mixed with JSON. Let me fix the server to properly parse the output:
[tool start] edit

[tool end] edit: ok

[tool start] edit

[tool end] edit: ok

[tool start] bash

[tool end] bash: error
The API is working and returning indexes with CACM marked as evaluable. Let me run the Playwright tests:
[tool start] bash

[tool end] bash: ok

[tool start] bash

[tool end] bash: error
I need to fix the evaluate endpoint - it's accessing `evalResult.stdout` instead of `evalResult.output`:
[tool start] edit

[tool end] edit: error

[tool start] read

[tool end] read: ok

[tool start] edit

[tool end] edit: ok

[tool start] bash

[tool end] bash: error

[tool start] bash

[tool end] bash: ok
I see the issue - the `ndcg.10` metric syntax is wrong for trec_eval. Let me fix the metric mapping and also check what metrics actually work:
[tool start] bash

[tool start] bash

[tool end] bash: ok

[tool end] bash: ok
The correct metric names are `ndcg_cut.10` and `recall.1000`. Let me update the server and test:
[tool start] edit

[tool end] edit: error

[tool start] edit

[tool end] edit: ok

[tool start] edit

[tool end] edit: error

[tool start] bash

[tool end] bash: ok

[tool start] read

[tool end] read: ok

[tool start] edit

[tool end] edit: ok

[tool start] bash

[tool end] bash: ok

[tool start] edit

[tool end] edit: ok

[tool start] edit

[tool end] edit: ok

[tool start] bash

[tool end] bash: ok
All tests pass. Let me verify the evaluation actually ran with real Anserini commands:
[tool start] bash

[tool end] bash: ok

[tool start] bash

[tool end] bash: ok

[tool start] bash

[tool end] bash: ok
All tests pass and the application is working correctly. Here's a summary of what was built:

## Summary

### Files Created

1. **`package.json`** - Node.js project configuration with Express and Playwright dependencies

2. **`src/server.js`** - Express backend that:
   - Serves the web UI
   - `/api/health` - Checks Java and fatjar availability
   - `/api/indexes` - Lists prebuilt indexes from Anserini's registry (109 inverted indexes)
   - `/api/topics` - Lists available topics from Anserini's registry
   - `/api/evaluate` - Runs retrieval + evaluation using real Anserini CLI commands
   - `/api/runs/:runId` - Retrieves run artifacts

3. **`public/index.html`** - Single-page web UI with:
   - Searchable/filterable index catalog showing all 109 prebuilt inverted indexes
   - CACM auto-selected as default evaluable index
   - Metric selector with nDCG@10, Recall@1000, MAP, P@30, etc.
   - Run Evaluation button that executes real Anserini retrieval and evaluation
   - Results display showing score, metadata, and artifact paths

4. **`playwright.config.js`** - Playwright configuration

5. **`tests/evaluation.spec.js`** - End-to-end tests verifying:
   - CACM is selected by default
   - Index catalog shows 100+ indexes from registry (not hardcoded)
   - nDCG@10 and Recall@1000 metrics are available
   - Evaluation runs and produces a numeric score (0.4543 for nDCG@10)
   - Run metadata shows index, topics, metric, and artifact paths
   - Catalog-only indexes are visible alongside evaluable ones

### Key Technical Details

- **Anserini JAR**: `anserini-2.1.1-fatjar.jar` (105MB, downloaded from Maven Central)
- **Metric format**: Uses `ndcg_cut.10` (not `ndcg.10`) per trec_eval syntax
- **Real evaluation**: CACM BM25 retrieval with nDCG@10 = 0.4543, Recall@1000 = 0.8867
- **Run artifacts**: Stored in `runs/` directory with TREC-format run files