
[tool start] read

[tool end] read: ok
Let me read the Anserini skill docs to understand the setup, CLI, and reproduction workflows.
[tool start] read

[tool start] read

[tool start] read

[tool end] read: ok

[tool end] read: ok

[tool end] read: ok
Now let me check the workspace structure and look for NFCorpus-related info in Anserini.
[tool start] ls

[tool start] bash

[tool end] ls: ok

[tool end] bash: ok

[tool start] read

[tool start] bash

[tool end] read: ok

[tool end] bash: ok
Good - Java 21 is available and Anserini 2.1.1 is the latest release. Let me download the fatjar and explore NFCorpus support.
[tool start] bash

[tool end] bash: ok

[tool start] bash

[tool end] bash: ok

[tool start] bash

[tool start] bash

[tool end] bash: ok

[tool end] bash: ok

[tool start] bash

[tool end] bash: ok
Now I have all the information I need. Let me check the NFCorpus prebuilt index and REST API capabilities.
[tool start] bash

[tool start] bash

[tool end] bash: ok

[tool end] bash: ok
The search works with full document content. Now I have all the information needed. Let me build the complete application.
[tool start] bash

[tool end] bash: ok

[tool start] write

[tool end] write: ok

[tool start] write

[tool end] write: ok

[tool start] write

[tool end] write: ok
Now let me create the HTML dashboard template:
[tool start] write

[tool end] write: ok

[tool start] write

[tool end] write: ok

[tool start] write

[tool start] write

[tool start] write

[tool start] write

[tool end] write: ok

[tool end] write: ok

[tool end] write: ok

[tool end] write: ok
Now let me create the Playwright test:
[tool start] write

[tool end] write: ok

[tool start] write

[tool end] write: ok
Now let me test the app locally. First, install Flask and start the server:
[tool start] bash

[tool end] bash: ok

[tool start] bash

[tool end] bash: ok
The app is running and healthy. Let me verify search and evaluation:
[tool start] bash

[tool end] bash: ok

[tool start] bash

[tool end] bash: ok
Evaluation passes with expected metrics. Let me verify the commands log:
[tool start] bash

[tool end] bash: ok
Everything works perfectly. Let me stop the server and run the Playwright tests:
[tool start] bash

[tool end] bash: ok

[tool start] bash

[tool end] bash: ok

[tool start] bash

[tool end] bash: error

[tool start] bash

[tool end] bash: error

[tool start] write

[tool end] write: ok

[tool start] bash

[tool end] bash: error

[tool start] bash

[tool end] bash: ok
The evaluation tests are failing because the frontend doesn't auto-poll evaluation on load. Let me fix the frontend JavaScript to handle this properly:
[tool start] read

[tool end] read: ok

[tool start] read

[tool end] read: ok

[tool start] bash

[tool end] bash: error

[tool start] bash

[tool end] bash: ok
The backend works perfectly. The issue is with the frontend test timing. Let me update the test to be more robust and also check the actual page state:
[tool start] bash

[tool end] bash: ok
Let me update the tests to be more robust. The issue is that the frontend polling might not have triggered by the time `wait_for_function` checks. Let me also update the frontend to poll immediately on load:
[tool start] edit

[tool end] edit: ok
Now let me update the tests to be more robust:
[tool start] write

[tool end] write: ok

[tool start] bash

[tool end] bash: ok

[tool start] bash

[tool end] bash: error
The eval panel shows "Evaluation not ready." The server evaluation might not be completing in the test environment. Let me check the server logs:
[tool start] bash

[tool end] bash: ok
