
[tool start] read

[tool end] read: ok

[tool start] read

[tool start] read

[tool end] read: ok

[tool end] read: ok

[tool start] ls

[tool start] bash

[tool end] ls: ok

[tool end] bash: ok

[tool start] bash

[tool end] bash: ok

[tool start] bash

[tool end] bash: ok

[tool start] bash

[tool end] bash: ok

[tool start] bash

[tool end] bash: ok

[tool start] bash

[tool end] bash: ok

[tool start] bash

[tool end] bash: ok

[tool start] bash

[tool end] bash: ok

[tool start] bash

[tool end] bash: ok

[tool start] bash

[tool end] bash: ok

[tool start] bash

[tool end] bash: ok

[tool start] bash

[tool end] bash: ok
Now let me create the Next.js application. First, I'll set up the project structure:
[tool start] bash

[tool end] bash: ok

[tool start] bash

[tool end] bash: ok

[tool start] bash

[tool end] bash: ok

[tool start] write

[tool end] write: ok

[tool start] write

[tool end] write: ok

[tool start] write

[tool end] write: ok

[tool start] write

[tool end] write: ok

[tool start] write

[tool end] write: ok

[tool start] bash

[tool end] bash: ok

[tool start] bash

[tool end] bash: ok

[tool start] bash

[tool end] bash: ok

[tool start] bash

[tool end] bash: ok

[tool start] read

[tool end] read: ok

[tool start] edit

[tool end] edit: ok

[tool start] bash

[tool end] bash: ok

[tool start] write

[tool end] write: ok

[tool start] bash

[tool end] bash: ok

[tool start] bash

[tool end] bash: ok
The MS MARCO Passage Search Application has been successfully implemented. Here's a summary:

## What was built

1. **Installed Anserini fatjar** (v2.1.1) - Downloaded from Maven Central and verified with CACM smoke test (MAP: 0.3123, P30: 0.1942 ✓)

2. **Next.js Frontend** (`search-app/`):
   - Main search page with input field and sample queries
   - Displays 5 random sample queries from a pool of 20 MS MARCO dev queries on each page load
   - "Refresh" button to get new sample queries
   - Results display with document IDs, scores, and passage text
   - Error handling for empty queries, no results, and backend errors

3. **API Route** (`search-app/src/app/api/search/route.ts`):
   - Proxies requests to Anserini REST server
   - Configurable backend port via environment variable

4. **Startup Script** (`start.sh`):
   - Starts both Anserini and Next.js servers
   - Health checks before confirming ready
   - Graceful shutdown on Ctrl+C

## Running Services

- **Anserini REST Server**: `http://localhost:8080` (running)
- **Next.js Frontend**: `http://localhost:3000` (running)

## Quick Test

```bash
# Test search API directly
curl "http://localhost:3000/api/search?query=what+is+a+lobster+roll&hits=5"
```

The application is ready to use at **http://localhost:3000**!