
[tool start] read

[tool end] read: ok

[tool start] bash

[tool start] read

[tool start] read

[tool start] read

[tool start] read

[tool end] read: ok

[tool end] read: ok

[tool end] read: ok

[tool end] read: ok

[tool end] bash: ok

[tool start] read

[tool start] bash

[tool end] read: ok

[tool end] bash: error

[tool start] bash

[tool end] bash: ok

[tool start] bash

[tool start] bash

[tool end] bash: ok

[tool end] bash: ok

[tool start] bash

[tool end] bash: ok

[tool start] bash

[tool end] bash: ok

[tool start] bash

[tool end] bash: ok

[tool start] bash

[tool end] bash: ok

[tool start] bash

[tool end] bash: ok

[tool start] bash

[tool end] bash: ok

[tool start] bash

[tool end] bash: ok

[tool start] bash

[tool end] bash: ok

[tool start] bash

[tool end] bash: ok

[tool start] bash

[tool end] bash: ok

[tool start] bash

[tool end] bash: ok

[tool start] bash

[tool end] bash: ok

[tool start] bash

[tool end] bash: ok

[tool start] bash

[tool end] bash: ok

[tool start] bash

[tool end] bash: ok

[tool start] bash

[tool end] bash: ok

[tool start] bash

[tool end] bash: error
Now I have all the information I need. Let me check the Anserini reproduction discovery output and build the application.
[tool start] bash

[tool end] bash: error

[tool start] bash

[tool end] bash: ok

[tool start] bash

[tool end] bash: ok
Now let me build the application. I'll create the full directory structure and code.
[tool start] bash

[tool end] bash: ok

[tool start] write

[tool start] write

[tool start] write

[tool start] write

[tool end] write: ok

[tool end] write: ok

[tool end] write: ok

[tool end] write: ok

[tool start] write

[tool end] write: ok

[tool start] write

[tool start] write

[tool start] write

[tool end] write: ok

[tool end] write: ok

[tool end] write: ok

[tool start] bash

[tool end] bash: ok

[tool start] bash

[tool end] bash: ok

[tool start] bash

[tool end] bash: ok
The app is working. Now let me create the Dockerfile, deployment configs, and Playwright tests.
[tool start] write

[tool start] write

[tool start] write

[tool start] write

[tool start] write

[tool end] write: ok

[tool end] write: ok

[tool end] write: ok

[tool end] write: ok

[tool end] write: ok

[tool start] bash

[tool end] bash: ok

[tool start] edit

[tool end] edit: ok

[tool start] bash

[tool end] bash: ok

[tool start] bash

[tool end] bash: ok

[tool start] bash

[tool end] bash: ok

[tool start] bash

[tool end] bash: ok

[tool start] bash

[tool end] bash: error

[tool start] bash

[tool end] bash: ok

[tool start] bash

[tool end] bash: ok

[tool start] bash

[tool end] bash: ok

[tool start] bash

[tool end] bash: ok

[tool start] bash

[tool end] bash: ok

[tool start] write

[tool end] write: ok

[tool start] bash
