
[tool start] read

[tool end] read: ok

[tool start] read

[tool start] read

[tool start] read

[tool start] ls

[tool end] ls: ok

[tool end] read: ok

[tool end] read: ok

[tool end] read: ok

[tool start] ls

[tool end] ls: ok

[tool start] bash

[tool end] bash: ok

[tool start] bash

[tool end] bash: ok

[tool start] bash

[tool end] bash: ok

[tool start] bash

[tool end] bash: error

[tool start] bash

[tool end] bash: ok

[tool start] ls

[tool end] ls: ok

[tool start] bash

[tool end] bash: ok

[tool start] bash

[tool end] bash: ok

[tool start] bash

[tool end] bash: ok

[tool start] bash

[tool end] bash: ok

[tool start] bash

[tool end] bash: ok

[tool start] bash

[tool end] bash: ok

[tool start] bash

[tool end] bash: ok

[tool start] write

[tool end] write: ok

[tool start] write

[tool end] write: ok

[tool start] write

[tool end] write: ok

[tool start] write

[tool end] write: ok

[tool start] write

[tool end] write: ok

[tool start] write

[tool end] write: ok

[tool start] write

[tool end] write: ok

[tool start] write

[tool end] write: ok

[tool start] write

[tool end] write: ok

[tool start] write

[tool end] write: ok

[tool start] write

[tool end] write: ok

[tool start] write

[tool end] write: ok

[tool start] edit

[tool end] edit: ok

[tool start] write

[tool end] write: ok

[tool start] write

[tool end] write: ok

[tool start] write

[tool end] write: ok

[tool start] bash

[tool end] bash: ok

[tool start] bash

[tool end] bash: ok

[tool start] bash

[tool end] bash: ok

[tool start] bash

[tool end] bash: ok

[tool start] bash

[tool end] bash: ok

[tool start] bash

[tool end] bash: error

[tool start] edit

[tool end] edit: ok

[tool start] bash

[tool end] bash: ok

[tool start] bash

[tool end] bash: ok

[tool start] ls

[tool start] ls

[tool start] bash

[tool end] ls: ok

[tool end] ls: ok

[tool end] bash: ok

[tool start] bash

[tool end] bash: ok

[tool start] bash

[tool end] bash: ok

[tool start] bash

[tool end] bash: ok

[tool start] edit

[tool end] edit: ok

[tool start] bash

[tool end] bash: ok

[tool start] read

[tool end] read: ok

[tool start] edit

[tool end] edit: ok

[tool start] write

[tool end] write: ok

[tool start] bash

[tool end] bash: ok

[tool start] bash

[tool end] bash: ok

[tool start] bash

[tool end] bash: ok
Completed the PRD implementation.

Key additions:
- Installed Anserini fatjar: `anserini-2.1.1-fatjar.jar`
- Verified Anserini with CACM smoke test and metrics:
  - MAP `0.3123`
  - P@30 `0.1942`
- Built a Next.js app with:
  - Search UI
  - Random MS MARCO passage dev sample queries on page load
  - Click-to-search sample queries
  - Ranked result rendering
  - Empty query, no-results, and backend error handling
- Added configurable backend/frontend ports:
  - Backend default: `8080`
  - Frontend default: `3000`
- Added Anserini REST API proxy using documented endpoint:
  - `/v1/{index}/search?query=...&hits=...`
  - Default index: `msmarco-v1-passage`

Important files:
- `app/page.tsx`
- `app/api/search/route.ts`
- `app/api/samples/route.ts`
- `src/data/msmarco-passage-dev-queries.json`
- `scripts/start-backend.mjs`
- `scripts/start-frontend.mjs`
- `README.md`
- `.env.example`

Validation run:
- `npm run lint` passed
- `npm run build` passed
- Local REST proxy tested successfully with configurable backend/index settings

Run locally:

```bash
npm install
npm run backend
```

In another terminal:

```bash
npm run dev
```

Open:

```text
http://localhost:3000
```

First MS MARCO search may download Anserini’s `msmarco-v1-passage` prebuilt index.