
[tool start] find

[tool end] find: ok

[tool start] read

[tool end] read: ok

[tool start] read

[tool end] read: ok

[tool start] read

[tool end] read: ok

[tool start] read

[tool end] read: ok

[tool start] ls

[tool end] ls: ok

[tool start] bash

[tool end] bash: ok

[tool start] bash

[tool end] bash: ok

[tool start] bash

[tool end] bash: error

[tool start] bash

[tool end] bash: ok

[tool start] bash

[tool end] bash: ok

[tool start] bash

[tool end] bash: ok

[tool start] bash

[tool end] bash: ok

[tool start] read

[tool end] read: ok

[tool start] bash

[tool end] bash: ok

[tool start] bash

[tool end] bash: ok

[tool start] bash

[tool end] bash: ok

[tool start] bash

[tool end] bash: ok

[tool start] bash

[tool end] bash: ok

[tool start] ls

[tool end] ls: ok

[tool start] read

[tool end] read: ok

[tool start] read

[tool end] read: ok

[tool start] ls

[tool end] ls: ok

[tool start] ls

[tool end] ls: ok

[tool start] read

[tool end] read: ok

[tool start] read

[tool end] read: ok

[tool start] bash

[tool end] bash: ok

[tool start] edit

[tool end] edit: ok

[tool start] edit

[tool end] edit: ok

[tool start] bash

[tool end] bash: ok

[tool start] write

[tool end] write: ok

[tool start] bash

[tool end] bash: ok

[tool start] write

[tool end] write: ok

[tool start] read

[tool end] read: ok

[tool start] bash

[tool end] bash: ok

[tool start] bash

[tool end] bash: ok

[tool start] bash

[tool end] bash: ok

[tool start] bash

[tool end] bash: ok

[tool start] bash

[tool end] bash: ok

[tool start] bash

[tool end] bash: ok

[tool start] bash

[tool end] bash: ok

[tool start] bash

[tool end] bash: ok

[tool start] bash

[tool end] bash: ok

[tool start] write

[tool end] write: ok

[tool start] write

[tool end] write: ok

[tool start] bash

[tool end] bash: ok

[tool start] bash

[tool end] bash: ok

[tool start] bash

[tool end] bash: ok

[tool start] bash

[tool end] bash: ok

[tool start] bash

[tool end] bash: ok

[tool start] read

[tool end] read: ok

[tool start] read

[tool end] read: ok

[tool start] bash

[tool end] bash: ok

[tool start] bash

[tool end] bash: ok
All tasks from the PRD have been completed. Here's a summary of what was built:

## Backend: Anserini REST API
- **Installed and verified** the Anserini fatjar (`anserini-2.1.1-fatjar.jar`) using the `install-anserini-fatjar` skill
- Ran the CACM smoke test and verified MAP `0.3123` and P30 `0.1942`
- **Started the REST server** (`io.anserini.api.RestServer`) on port `8080` serving the `msmarco-v1-passage` prebuilt index
- The backend port is overridable via the `--port` CLI flag

## Frontend: Next.js App
- **Created a Next.js app** in `/frontend` with Tailwind CSS and TypeScript
- **Search interface** with a text input and search button
- **Sample queries** — on each page load, 8 random queries are chosen from the MS MARCO passage dev query set (pulled via `TopicsRegistry --get msmarco-v1-passage.dev`)
- **Click-to-search** — clicking any sample query instantly executes it
- **Ranked results** rendered with rank badge, docid, score, and passage text
- **Error handling** for empty queries, no-results states, and backend errors
- **Port configuration** — frontend defaults to `3000` (override with `PORT`), backend defaults to `8080` (override with `BACKEND_PORT` via Next.js rewrites)

## Verified End-to-End
- Search queries successfully proxy from the Next.js frontend (`/api/search`) to the Anserini REST API
- Results are returned and displayed correctly from the MS MARCO passage corpus

### To run the app:
```bash
# Backend (already running on :8080)
ANSERINI_JAR="anserini-2.1.1-fatjar.jar"
java -cp "$ANSERINI_JAR" io.anserini.api.RestServer --port 8080

# Frontend
cd frontend
npm install
npm run dev
```

Then open **http://localhost:3000**.