
[tool start] read

[tool end] read: ok
Let me start by reading the relevant skill files to understand how to set up Anserini properly.
[tool start] read

[tool start] read

[tool start] read

[tool end] read: ok

[tool end] read: ok

[tool end] read: ok
Now let me check what's already in the workspace and install the Anserini fatjar.
[tool start] ls

[tool start] bash

[tool end] ls: ok

[tool end] bash: ok

[tool start] read

[tool end] read: ok
Good. Java 21 is available. Let me download and install the Anserini fatjar.
[tool start] bash

[tool end] bash: ok
Now let me run the smoke test:
[tool start] bash

[tool end] bash: ok

[tool start] bash

[tool end] bash: ok
Smoke test passes. Now let me extract the MS MARCO dev queries and understand the REST API format.
[tool start] bash

[tool end] bash: ok

[tool start] bash

[tool end] bash: ok

[tool start] bash

[tool end] bash: ok

[tool start] bash

[tool end] bash: ok

[tool start] bash

[tool end] bash: ok

[tool start] bash

[tool end] bash: ok

[tool start] bash

[tool end] bash: ok

[tool start] read

[tool end] read: ok

[tool start] bash

[tool end] bash: ok
Good, the topics are in JSON format. Let me extract sample queries and test the REST API.
[tool start] bash

[tool end] bash: ok
Now let me start the REST API server and test the response format:
[tool start] bash

[tool end] bash: ok
Now I can see the REST API response format. Let me also test the doc endpoint:
[tool start] bash

[tool end] bash: ok
Now I have a clear picture. Let me build the Next.js frontend. First, let me create the project:
[tool start] bash

[tool end] bash: ok
Good. Now let me set up the project structure. I need to:
1. Create a sample queries JSON file accessible by the frontend
2. Create an API route to proxy search queries to Anserini
3. Build the main page with search UI
[tool start] bash

[tool end] bash: ok

[tool start] read

[tool start] read

[tool end] read: ok

[tool end] read: ok
Now let me create all the files. First, the sample queries data, then the API route, and finally the frontend page.
[tool start] bash

[tool end] bash: ok
Now let me create the API route for search:
[tool start] bash

[tool end] bash: ok

[tool start] write

[tool end] write: ok
Now let me build the main page:
[tool start] write

[tool end] write: ok
Now update the layout with proper metadata:
[tool start] edit

[tool end] edit: ok
Now let me create the start scripts. First, let me check if the frontend builds correctly:
[tool start] bash

[tool end] bash: ok
Build succeeds. Now let me create the startup scripts:
[tool start] write

[tool end] write: ok

[tool start] bash

[tool end] bash: ok
Now let me kill the REST server we started earlier and do a quick end-to-end test:
[tool start] bash

[tool end] bash: ok
Let me verify the app works end-to-end. Start the backend and test the frontend against it:
[tool start] bash

[tool end] bash: ok

[tool start] bash

[tool end] bash: ok
Backend is running. Let me test the Next.js frontend:
[tool start] bash

[tool end] bash: ok
Let me also test the frontend page loads:
[tool start] bash

[tool end] bash: ok
Let me verify the sample queries file is served:
[tool start] bash

[tool end] bash: ok
Everything is working. Let me clean up the running processes and temporary files:
[tool start] bash

[tool end] bash: ok
Now let me clean up temp files and keep only what's needed:
[tool start] bash

[tool end] bash: ok

[tool start] bash

[tool end] bash: ok
Now let me create a README for the project:
[tool start] write

[tool end] write: ok
Let me do a final check that the page component is correct — I want to make sure the direct backend call from the client works since we're not using the API proxy for the actual search:
[tool start] read

[tool end] read: ok
I notice the page is calling the backend directly which could cause CORS issues. Let me update it to use the Next.js API proxy route instead:
[tool start] edit

[tool end] edit: ok
Now update the start.sh since the frontend doesn't need `NEXT_PUBLIC_ANSERINI_BACKEND_URL` anymore (the API route uses `ANSERINI_BACKEND_URL` server-side):
[tool start] edit

[tool end] edit: ok
Now rebuild and verify:
[tool start] bash

[tool end] bash: ok
Build succeeds. Let me do a quick end-to-end smoke test:
[tool start] bash

[tool end] bash: ok

[tool start] bash

[tool end] bash: ok

[tool start] bash

[tool end] bash: ok

[tool start] bash

[tool end] bash: ok
The backend process died. Let me restart both properly:
[tool start] bash

[tool end] bash: ok

[tool start] bash

[tool end] bash: ok

[tool start] bash

[tool end] bash: ok

[tool start] bash

[tool end] bash: ok

[tool start] bash

[tool end] bash: ok
Let me also test the error handling:
[tool start] bash

[tool end] bash: error

[tool start] bash

[tool end] bash: ok

[tool start] bash

[tool end] bash: ok
Error handling works. Let me clean up running processes:
[tool start] bash

[tool end] bash: ok
Let me do a final review of all the key files:
[tool start] read

[tool end] read: ok

[tool start] read

[tool end] read: ok

[tool start] read

[tool end] read: ok
Everything looks good. Let me verify the final file listing:
[tool start] bash

[tool end] bash: ok
The implementation is complete. Here's a summary of what was built:

## What was built

### Backend
- **Anserini fatjar** (`anserini-2.1.1-fatjar.jar`) downloaded from Maven Central, verified with CACM smoke test (MAP=0.3123, P30=0.1942)
- **REST API server** serves the `msmarco-v1-passage` prebuilt index on port 8080 (configurable via `BACKEND_PORT`)

### Frontend (`frontend/`)
- **Next.js app** with TypeScript and Tailwind CSS
- **`src/app/page.tsx`** — Main search UI:
  - Search input with submit button
  - 8 random sample queries from the MS MARCO passage dev set (6,980 queries loaded from `public/sample_queries.json`, randomly shuffled on each page load)
  - Click any sample query to instantly search
  - Ranked passage results with rank badge, doc ID, score, and full passage text
  - Loading spinner, empty query handling, no-results state, and backend error messages
- **`src/app/api/search/route.ts`** — API proxy route that forwards queries to the Anserini backend (avoids CORS issues)

### Configuration
- **`start.sh`** — Single script that starts both backend and frontend with graceful shutdown
- Ports configurable via `BACKEND_PORT` (default 8080) and `FRONTEND_PORT` (default 3000) environment variables

### Usage
```bash
./start.sh
# Frontend: http://localhost:3000
# Backend:  http://localhost:8080
```