
[tool start] read

[tool end] read: ok

[tool start] bash

[tool start] bash

[tool end] bash: ok

[tool end] bash: error

[tool start] read

[tool start] read

[tool start] read

[tool end] read: error

[tool end] read: error

[tool end] read: error

[tool start] read

[tool start] bash

[tool start] bash

[tool end] read: ok

[tool end] bash: ok

[tool end] bash: ok

[tool start] read

[tool start] read

[tool start] read

[tool end] read: ok

[tool end] read: ok

[tool end] read: ok
I'll start by setting up the environment and installing Anserini fatjar, then build the web application.
[tool start] bash

[tool start] bash

[tool end] bash: ok

[tool end] bash: ok

[tool start] bash

[tool end] bash: ok

[tool start] bash

[tool end] bash: ok

[tool start] bash

[tool end] bash: ok

[tool start] bash

[tool end] bash: ok

[tool start] bash

[tool end] bash: ok

[tool start] bash

[tool end] bash: ok

[tool start] bash

[tool end] bash: ok

[tool start] bash

[tool end] bash: ok

[tool start] bash

[tool end] bash: ok

[tool start] bash

[tool end] bash: ok

[tool start] bash

[tool end] bash: ok

[tool start] bash

[tool end] bash: ok

[tool start] bash

[tool end] bash: ok

[tool start] bash

[tool end] bash: error

[tool start] bash

[tool end] bash: ok

[tool start] bash

[tool end] bash: ok

[tool start] bash

[tool end] bash: ok

[tool start] bash

[tool end] bash: ok

[tool start] bash

[tool end] bash: ok

[tool start] bash

[tool end] bash: ok

[tool start] bash

[tool end] bash: ok

[tool start] bash

[tool end] bash: ok

[tool start] bash

[tool end] bash: ok

[tool start] bash

[tool end] bash: ok

[tool start] bash

[tool end] bash: ok

[tool start] bash

[tool end] bash: ok

[tool start] bash

[tool end] bash: ok

[tool start] bash

[tool end] bash: ok

[tool start] bash

[tool end] bash: ok

[tool start] bash

[tool end] bash: ok

[tool start] bash

[tool end] bash: ok

[tool start] bash

[tool end] bash: ok

[tool start] bash

[tool end] bash: ok

[tool start] bash

[tool end] bash: ok

[tool start] bash

[tool end] bash: ok

[tool start] bash

[tool end] bash: ok

[tool start] bash

[tool end] bash: ok

[tool start] bash

[tool end] bash: ok

[tool start] bash

[tool end] bash: ok
I have a good understanding. Let me look at the `Topics.getByName` and the resources to understand the full mapping, then start building.
[tool start] bash

[tool end] bash: ok

[tool start] bash

[tool end] bash: ok

[tool start] bash

[tool end] bash: ok

[tool start] bash

[tool end] bash: ok

[tool start] bash

[tool end] bash: ok

[tool start] bash

[tool end] bash: ok

[tool start] bash

[tool end] bash: ok

[tool start] bash

[tool end] bash: ok

[tool start] bash

[tool end] bash: ok
Now I have enough understanding. Let me start building the application.
[tool start] bash

[tool end] bash: ok

[tool start] bash

[tool end] bash: ok

[tool start] bash

[tool end] bash: ok

[tool start] bash

[tool end] bash: ok

[tool start] bash

[tool end] bash: ok

[tool start] bash

[tool end] bash: ok

[tool start] bash

[tool end] bash: ok

[tool start] bash

[tool end] bash: ok

[tool start] bash

[tool end] bash: ok
Now I'll build the application. Let me create the structure:
[tool start] bash

[tool end] bash: ok

[tool start] write

[tool end] write: ok

[tool start] bash

[tool end] bash: ok

[tool start] bash

[tool end] bash: ok

[tool start] bash

[tool end] bash: ok

[tool start] bash

[tool end] bash: ok

[tool start] edit

[tool end] edit: ok

[tool start] bash

[tool end] bash: ok

[tool start] bash

[tool end] bash: ok

[tool start] bash

[tool end] bash: ok

[tool start] bash

[tool end] bash: ok

[tool start] edit

[tool end] edit: ok

[tool start] bash

[tool end] bash: ok

[tool start] edit

[tool end] edit: ok
Now let me update the `api_catalog` and `api_evaluate` endpoints to expose normalized metric labels and to fall back to the standard metrics:
[tool start] edit

[tool end] edit: error

[tool start] edit

[tool end] edit: ok

[tool start] edit

[tool end] edit: ok
Now let me update the api/pairings and api/evaluate to use the new functions:
[tool start] edit

[tool end] edit: ok
Now update the evaluate endpoint to handle the new structure:
[tool start] edit

[tool end] edit: ok
Now let me also fix the "expected" lookup in the evaluate endpoint:
[tool start] edit

[tool end] edit: ok

[tool start] edit

[tool end] edit: error

[tool start] edit

[tool end] edit: ok
Now let me test the changes:
[tool start] bash

[tool end] bash: ok

[tool start] edit

[tool end] edit: ok

[tool start] bash

[tool end] bash: ok
Now let me build the frontend HTML/JS:
[tool start] write

[tool end] write: ok

[tool start] write

[tool end] write: ok

[tool start] write

[tool end] write: ok
Now let me start the server and test it:
[tool start] bash

[tool end] bash: ok

[tool start] bash

[tool end] bash: ok

[tool start] bash

[tool end] bash: ok

[tool start] bash

[tool end] bash: ok

[tool start] bash

[tool end] bash: ok
Now let me write the Playwright e2e test:
[tool start] bash

[tool end] bash: ok

[tool start] write

[tool end] write: ok

[tool start] bash

[tool end] bash: ok

[tool start] edit

[tool end] edit: ok

[tool start] bash

[tool end] bash: ok

[tool start] bash

[tool end] bash: ok

[tool start] read

[tool end] read: ok

[tool start] read

[tool end] read: ok
The test is passing. Now let me add a launcher script to start the server and run the test together:
[tool start] write

[tool end] write: ok

[tool start] bash

[tool end] bash: ok
Now let me stop the running server and verify the e2e test from scratch (using the launcher):
[tool start] bash

[tool end] bash: ok

[tool start] bash

[tool end] bash: ok

[tool start] bash

[tool end] bash: ok

[tool start] bash

[tool end] bash: ok
The end-to-end test passes. Let me also verify the test would fail if the data were mocked, and add a few more details to the e2e test to make it more robust.
[tool start] bash

[tool end] bash: ok
Let me strengthen the e2e test with stronger anti-mock checks:
[tool start] edit

[tool end] edit: ok

[tool start] bash

[tool end] bash: ok
Let me add a unit test to verify the server's logic without needing the browser:
[tool start] write

[tool end] write: ok

[tool start] bash

[tool end] bash: ok
All 13 unit tests pass. Now let me write a README and a few last improvements:
[tool start] write

[tool end] write: ok
Now let me run the full e2e + unit test sequence to verify everything works:
[tool start] bash

[tool end] bash: ok
Let me clean up the workspace and look at the final structure:
[tool start] bash

[tool end] bash: ok

[tool start] bash

[tool end] bash: ok

[tool start] read

[tool end] read: ok
Let me verify all PRD requirements are addressed:
[tool start] bash

[tool end] bash: ok

[tool start] bash

[tool end] bash: ok
All PRD requirements are met. Let me also do a final cleanup and verify the project is in a good state:
[tool start] bash

[tool end] bash: ok

[tool start] bash

[tool end] bash: ok

[tool start] bash

[tool end] bash: ok

[tool start] read

[tool end] read: ok
The implementation is complete. Let me do a final review of all the components:
[tool start] bash

[tool end] bash: ok

[tool start] bash

[tool end] bash: error

[tool start] bash

[tool end] bash: ok

[tool start] bash

[tool end] bash: ok

[tool start] bash

[tool end] bash: ok
Let me do one final verification by running the e2e test from a clean state:
[tool start] bash

[tool end] bash: ok
Everything is working correctly. Let me provide a final summary:

## Summary

I've built a complete Anserini Prebuilt Index Evaluator web application that satisfies all PRD requirements.

### What was built

**Backend** (`app/server.py`, ~800 lines): A Flask server that drives everything through the Anserini fatjar CLI:
- `io.anserini.cli.PrebuiltIndexRegistry --type inverted --list` → catalog (109 indexes)
- `io.anserini.cli.TopicsRegistry --list` → topics (1493 topics)
- Reproduction YAMLs from `reproduce/from-prebuilt-indexes/configs/*.yaml` → 274 evaluable pairings across 45 indexes
- `io.anserini.search.SearchCollection` → generates real TREC run files
- `io.anserini.eval.TrecEval` → evaluates against real qrels

**Frontend** (`app/templates/index.html`, `app/static/app.js`, `app/static/app.css`):
- Searchable/filterable catalog with Evaluable/Catalog-Only badges
- Evaluation panel that auto-shows the paired topics + qrels + metric options
- Metric selector with `nDCG@10`, `Recall@1000` always available (per PRD)
- Result card with score, run metadata, run/eval file paths, and previews
- All labels translated to exact `trec_eval` arg strings (e.g. `nDCG@10` → `-c -m ndcg_cut.10`)

**Unit tests** (`app/test_server.py`): 13 tests covering metric translation and pairing logic.

**E2E test** (`e2e/test_app.py` + `e2e/run_e2e.sh`): Playwright browser test that:
- Opens the app, verifies the registry-derived catalog has 109+ entries and at least one catalog-only entry
- Selects CACM (the default), confirms qrels pairing is shown
- Selects nDCG@10 (with Recall@1000 fallback), clicks Run Evaluation
- Verifies a real numeric score (0.4543 — matches the smoke-test expected value)
- Verifies run/eval artifact paths exist on disk, contain TREC-formatted results, and have >1000 lines
- Anti-mock checks: the score must be in [0.4, 0.5] for CACM nDCG@10

### Test results

```
=== Unit tests ===
All 13 tests passed

=== E2E test ===
e2e test PASSED
  catalog items: 109 (real registry, not mocked)
  catalog-only: 80
  score: 0.4543 (real Anserini nDCG@10 on CACM)
```

### Project layout

```
.
├── README.md
├── app/
│   ├── server.py            Flask backend
│   ├── test_server.py       Unit tests
│   ├── templates/index.html
│   └── static/{app.js,app.css}
├── e2e/
│   ├── run_e2e.sh           Launcher
│   ├── test_app.py          Playwright test
│   └── screenshots/         Output PNGs
├── runs/                    Generated TREC runs
└── evals/                   Generated trec_eval outputs
```

To re-run end-to-end from scratch: `./e2e/run_e2e.sh`