
[tool start] read

[tool end] read: ok
I'll start by reading the referenced Anserini skills to understand the correct commands and workflows.
[tool start] read

[tool start] read

[tool start] read

[tool end] read: ok

[tool end] read: ok

[tool end] read: ok

[tool start] ls

[tool end] ls: ok

[tool start] read

[tool end] read: ok
Now let me explore the current environment and start building. First, let me check what's available and download the Anserini fatjar.
[tool start] bash

[tool start] bash

[tool start] bash

[tool start] bash

[tool end] bash: ok

[tool end] bash: ok

[tool end] bash: ok

[tool end] bash: ok

[tool start] bash

[tool end] bash: ok

[tool start] bash

[tool end] bash: ok

[tool start] bash

[tool end] bash: ok

[tool start] bash

[tool end] bash: ok

[tool start] bash

[tool end] bash: ok

[tool start] bash

[tool end] bash: ok

[tool start] bash

[tool end] bash: ok

[tool start] bash

[tool end] bash: ok

[tool start] bash

[tool end] bash: ok

[tool start] bash

[tool end] bash: ok

[tool start] bash

[tool end] bash: ok
Now let me check reproduction configs and test search:
[tool start] bash

[tool end] bash: ok

[tool start] bash

[tool end] bash: ok
Now let me test the search CLI and get sample topics:
[tool start] bash

[tool end] bash: ok
Now I have all the info I need. Let me build the application. I'll create a Python/Flask app with:
- Backend that uses Anserini CLI for search and evaluation
- Single-page HTML dashboard
- Dockerfile
- Playwright test
[tool start] bash

[tool end] bash: ok

[tool start] write

[tool end] write: ok

[tool start] write

[tool end] write: ok
Now let me create the main Flask application:
[tool start] write

[tool end] write: ok
Now create the Dockerfile:
[tool start] write

[tool end] write: ok
Now create the .dockerignore and .gitignore:
[tool start] write

[tool start] write

[tool end] write: ok

[tool end] write: ok
Now create the README with deployment docs:
[tool start] write

[tool end] write: ok
Now let me create the Playwright test:
[tool start] bash

[tool end] bash: ok

[tool start] bash

[tool end] bash: ok

[tool start] bash

[tool end] bash: ok

[tool start] write

[tool end] write: ok

[tool start] write

[tool end] write: ok
Now let me test the application locally to make sure it works:
[tool start] bash

[tool end] bash: ok

[tool start] bash

[tool end] bash: ok
Good, the server is starting and running setup. Let me wait for it to complete:
[tool start] bash

[tool end] bash: ok
There's a broken pipe error. Let me check the log and fix it:
[tool start] bash

[tool end] bash: ok
The broken pipe is likely from the `print` statement. Let me fix the server code:
[tool start] edit

[tool end] edit: ok
Now update the `_setup` function to also use `_log` instead of the local `log` function:
[tool start] edit

[tool end] edit: ok
Now kill the old server and restart:
[tool start] bash

[tool end] bash: ok

[tool start] bash

[tool end] bash: ok

[tool start] bash

[tool end] bash: ok

[tool start] bash

[tool end] bash: ok
Good. Now wait for setup to complete:
[tool start] bash

[tool end] bash: ok

[tool start] bash

[tool end] bash: ok
Setup is complete. Let me test search:
[tool start] bash

[tool end] bash: ok
Search works perfectly with real results. Now I need to update the frontend to properly parse the JSON format from the Anserini Search CLI. The results come as `candidates` with `docid`, `score`, and `doc` containing `title`, `text`, etc. Let me update the search result rendering:
[tool start] read

[tool end] read: ok
Now let me update the search API to properly normalize the result format from Anserini's JSON output:
[tool start] edit

[tool end] edit: ok
Now update the JavaScript to handle the new result format:
[tool start] edit

[tool end] edit: ok
Now restart the server with the fixes:
[tool start] bash

[tool end] bash: ok

[tool start] bash

[tool end] bash: ok

[tool start] bash

[tool end] bash: error

[tool start] bash

[tool end] bash: ok

[tool start] read

[tool end] read: ok
Need to add a `pass` after the except clause:
[tool start] edit

[tool end] edit: ok

[tool start] bash

[tool end] bash: ok
Good, no syntax errors. Restart:
[tool start] bash

[tool end] bash: ok

[tool start] bash

[tool end] bash: ok

[tool start] bash

[tool end] bash: ok
Now let me check the evaluation metrics:
[tool start] bash

[tool end] bash: ok
nDCG@10 = 0.3218 matches the expected value exactly — PASS. Now let me test the search API:
[tool start] bash

[tool end] bash: ok
Now let me run the Playwright tests:
[tool start] bash

[tool end] bash: ok
All 11 tests pass. Let me also test the rerun endpoint:
[tool start] bash

[tool end] bash: ok
Now let me clean up the server process and verify the final file structure:
[tool start] bash

[tool end] bash: ok

[tool start] bash

[tool end] bash: ok
Let me verify the complete server.py is valid:
[tool start] bash

[tool end] bash: ok
Let me do a final review of the server.py to make sure everything is clean:
[tool start] read

[tool end] read: ok
The application is complete and fully tested. Let me provide a summary of everything built:

## Summary

I built the **NFCorpus Live Retrieval Diagnostics Workbench** as specified in the PRD. Here's what was delivered:

### Files Created

| File | Purpose |
|------|---------|
| `app/server.py` | Flask web application — backend with all API endpoints |
| `app/__init__.py` | Python package marker |
| `requirements.txt` | Python dependencies (Flask, gunicorn) |
| `Dockerfile` | Render-compatible Docker web service (eclipse-temurin:21-jdk base) |
| `.dockerignore` | Excludes jars, data, node_modules from Docker build |
| `.gitignore` | Excludes generated artifacts from source control |
| `README.md` | Deployment documentation including PORT binding, Render config |
| `browser-test.spec.js` | Playwright end-to-end browser test (11 test cases) |
| `playwright.config.js` | Playwright configuration |

### Key Features

1. **Skill-driven setup**: Downloads Anserini fatjar v2.1.1, runs CACM smoke test, uses `SearchCollection` and `TrecEval` for NFCorpus
2. **Reproduction discovery**: Uses `ReproduceFromPrebuiltIndexes --config beir.core --show` to discover expected nDCG@10 = 0.3218
3. **Live search**: Uses `io.anserini.cli.Search` against `beir-v1.0.0-nfcorpus.flat` prebuilt index (6.5MB, 3633 docs)
4. **BM25 evaluation**: nDCG@10 = 0.3218 (observed) vs 0.3218 (expected) → **PASS** (delta = 0.0000)
5. **Additional metrics**: MAP = 0.1504, P@10 = 0.2307, Recall@100 = 0.2457
6. **Readiness panel**: 7 status indicators (Java, Fatjar, Index, Topics, Repro Discovery, Search, Eval)
7. **Command transparency**: All 7+ Anserini commands displayed with exact CLI text
8. **Artifact visibility**: Paths for fatjar, run file, eval output, topics, reproduction config
9. **Verify/Rerun button**: Re-executes the full BM25 evaluation pipeline on demand
10. **Health endpoint** (`/health`): JSON with all required fields
11. **Docker/Render ready**: Binds to `0.0.0.0`, reads `PORT` env var (default 10000)

### Browser Test Results: **11/11 passed** (12.5s)

All tests confirmed:
- Real Anserini commands executed (not mocked)
- Real search results with document IDs, ranks, scores, and medical text content
- Real TrecEval evaluation metrics matching reproduction targets
- Observed vs expected comparison with PASS status