
[tool start] read

[tool end] read: ok

[tool start] read

[tool end] read: ok

[tool start] read

[tool end] read: ok

[tool start] read

[tool end] read: ok

[tool start] bash

[tool end] bash: ok

[tool start] bash

[tool end] bash: ok

[tool start] bash

[tool end] bash: error

[tool start] bash

[tool end] bash: ok

[tool start] bash

[tool end] bash: ok

[tool start] bash

[tool end] bash: error

[tool start] bash

[tool end] bash: ok

[tool start] bash

[tool end] bash: ok

[tool start] bash

[tool end] bash: ok

[tool start] bash

[tool end] bash: ok

[tool start] bash

[tool end] bash: ok

[tool start] bash

[tool end] bash: ok

[tool start] bash

[tool end] bash: ok

[tool start] bash

[tool end] bash: ok

[tool start] bash

[tool end] bash: ok

[tool start] bash

[tool end] bash: ok

[tool start] bash

[tool end] bash: ok

[tool start] write

[tool end] write: ok

[tool start] bash

[tool end] bash: ok

[tool start] edit

[tool end] edit: ok

[tool start] bash

[tool end] bash: ok

[tool start] edit

[tool end] edit: ok

[tool start] bash

[tool end] bash: ok

[tool start] edit

[tool end] edit: ok

[tool start] write

[tool end] write: ok

[tool start] write

[tool end] write: ok

[tool start] bash

[tool end] bash: ok

[tool start] bash

[tool end] bash: ok

[tool start] bash

[tool end] bash: ok

[tool start] edit

[tool end] edit: ok

[tool start] write

[tool end] write: ok

[tool start] edit

[tool end] edit: ok

[tool start] edit

[tool end] edit: ok

[tool start] edit

[tool end] edit: ok

[tool start] edit

[tool end] edit: ok

[tool start] edit

[tool end] edit: ok

[tool start] edit

[tool end] edit: ok

[tool start] bash

[tool end] bash: ok

[tool start] write

[tool end] write: ok

[tool start] write

[tool end] write: ok

[tool start] edit

[tool end] edit: ok

[tool start] edit

[tool end] edit: ok

[tool start] bash

[tool end] bash: ok

[tool start] bash

[tool end] bash: ok

[tool start] write

[tool end] write: ok

[tool start] edit

[tool end] edit: ok

[tool start] edit

[tool end] edit: ok

[tool start] bash

[tool end] bash: ok

[tool start] write

[tool end] write: ok

[tool start] edit

[tool end] edit: ok

[tool start] bash

[tool end] bash: ok

[tool start] bash

[tool end] bash: ok
I have completed the task.

The **NFCorpus Live Retrieval Diagnostics Workbench** has been fully implemented as a containerized web application meeting all requirements specified in the PRD.

### Features Implemented:
1. **Containerized for Render**: A `Dockerfile` configures a lightweight OpenJDK 21 & Node 20 environment. The HTTP server binds to `0.0.0.0` using the `$PORT` environment variable (default: `10000`).
2. **Anserini Setup Verification**: A setup script natively resolves the exact reproduction targets for NFCorpus, verifies the fatjar runtime, initializes the caches without downloading the entire BEIR corpus, and extracts expected `nDCG@10` metric thresholds programmatically.
3. **Live Search**: Users can interact with the live search interface directly against the Anserini engine natively on `NFCorpus`. Ranked document lists accurately display rankings, doc IDs, scores, and raw snippet textual content inline.
4. **Evaluation**: BM25 metrics can be evaluated live natively through `SearchCollection` and Anserini's bundled `trec_eval`. The UI evaluates and visualizes whether the observed scores match expected metrics accurately and includes execution duration.
5. **Exact Commands and Artifacts**: True execution commands (such as `-bm25` flags for `SearchCollection` or `--index` search formats) used by the application during setup, retrieval, and evaluation are displayed inside the interface.
6. **Robust End-to-End Test**: A full `Playwright` test validates all UI assertions and genuine workflows without mocks successfully.

You can verify it by running `npm test`, or by starting the application with `npm start` and opening `http://localhost:10000` in your browser.